------------------------------------------------------------
TimeQuest Timing Analyzer Summary
------------------------------------------------------------

Type  : Slow 1100mV 85C Model Setup 'CLOCK_50'
Slack : -7.787
TNS   : -363.956

Type  : Slow 1100mV 85C Model Setup 'clock_divider:msec|cntr[10]'
Slack : -3.234
TNS   : -393.495

Type  : Slow 1100mV 85C Model Setup 'P2_addPoint~reg0'
Slack : -1.621
TNS   : -7.244

Type  : Slow 1100mV 85C Model Setup 'P1_addPoint~reg0'
Slack : -1.228
TNS   : -4.783

Type  : Slow 1100mV 85C Model Hold 'CLOCK_50'
Slack : 0.237
TNS   : 0.000

Type  : Slow 1100mV 85C Model Hold 'clock_divider:msec|cntr[10]'
Slack : 0.537
TNS   : 0.000

Type  : Slow 1100mV 85C Model Hold 'P1_addPoint~reg0'
Slack : 0.611
TNS   : 0.000

Type  : Slow 1100mV 85C Model Hold 'P2_addPoint~reg0'
Slack : 0.828
TNS   : 0.000

Type  : Slow 1100mV 85C Model Minimum Pulse Width 'CLOCK_50'
Slack : -0.412
TNS   : -49.869

Type  : Slow 1100mV 85C Model Minimum Pulse Width 'clock_divider:msec|cntr[10]'
Slack : -0.394
TNS   : -83.452

Type  : Slow 1100mV 85C Model Minimum Pulse Width 'P2_addPoint~reg0'
Slack : -0.394
TNS   : -2.557

Type  : Slow 1100mV 85C Model Minimum Pulse Width 'P1_addPoint~reg0'
Slack : -0.394
TNS   : -2.544

Type  : Slow 1100mV 0C Model Setup 'CLOCK_50'
Slack : -7.653
TNS   : -351.022

Type  : Slow 1100mV 0C Model Setup 'clock_divider:msec|cntr[10]'
Slack : -3.341
TNS   : -402.706

Type  : Slow 1100mV 0C Model Setup 'P2_addPoint~reg0'
Slack : -1.617
TNS   : -7.232

Type  : Slow 1100mV 0C Model Setup 'P1_addPoint~reg0'
Slack : -1.240
TNS   : -4.803

Type  : Slow 1100mV 0C Model Hold 'CLOCK_50'
Slack : -0.025
TNS   : -0.025

Type  : Slow 1100mV 0C Model Hold 'clock_divider:msec|cntr[10]'
Slack : 0.531
TNS   : 0.000

Type  : Slow 1100mV 0C Model Hold 'P1_addPoint~reg0'
Slack : 0.594
TNS   : 0.000

Type  : Slow 1100mV 0C Model Hold 'P2_addPoint~reg0'
Slack : 0.777
TNS   : 0.000

Type  : Slow 1100mV 0C Model Minimum Pulse Width 'CLOCK_50'
Slack : -0.423
TNS   : -53.188

Type  : Slow 1100mV 0C Model Minimum Pulse Width 'clock_divider:msec|cntr[10]'
Slack : -0.394
TNS   : -84.297

Type  : Slow 1100mV 0C Model Minimum Pulse Width 'P2_addPoint~reg0'
Slack : -0.394
TNS   : -2.572

Type  : Slow 1100mV 0C Model Minimum Pulse Width 'P1_addPoint~reg0'
Slack : -0.394
TNS   : -2.551

Type  : Fast 1100mV 85C Model Setup 'CLOCK_50'
Slack : -4.282
TNS   : -188.659

Type  : Fast 1100mV 85C Model Setup 'clock_divider:msec|cntr[10]'
Slack : -1.780
TNS   : -186.055

Type  : Fast 1100mV 85C Model Setup 'P2_addPoint~reg0'
Slack : -0.673
TNS   : -2.867

Type  : Fast 1100mV 85C Model Setup 'P1_addPoint~reg0'
Slack : -0.455
TNS   : -1.503

Type  : Fast 1100mV 85C Model Hold 'CLOCK_50'
Slack : 0.133
TNS   : 0.000

Type  : Fast 1100mV 85C Model Hold 'clock_divider:msec|cntr[10]'
Slack : 0.239
TNS   : 0.000

Type  : Fast 1100mV 85C Model Hold 'P1_addPoint~reg0'
Slack : 0.325
TNS   : 0.000

Type  : Fast 1100mV 85C Model Hold 'P2_addPoint~reg0'
Slack : 0.443
TNS   : 0.000

Type  : Fast 1100mV 85C Model Minimum Pulse Width 'CLOCK_50'
Slack : -0.436
TNS   : -9.310

Type  : Fast 1100mV 85C Model Minimum Pulse Width 'clock_divider:msec|cntr[10]'
Slack : -0.003
TNS   : -0.030

Type  : Fast 1100mV 85C Model Minimum Pulse Width 'P2_addPoint~reg0'
Slack : 0.146
TNS   : 0.000

Type  : Fast 1100mV 85C Model Minimum Pulse Width 'P1_addPoint~reg0'
Slack : 0.161
TNS   : 0.000

Type  : Fast 1100mV 0C Model Setup 'CLOCK_50'
Slack : -3.704
TNS   : -161.126

Type  : Fast 1100mV 0C Model Setup 'clock_divider:msec|cntr[10]'
Slack : -1.673
TNS   : -175.225

Type  : Fast 1100mV 0C Model Setup 'P2_addPoint~reg0'
Slack : -0.588
TNS   : -2.484

Type  : Fast 1100mV 0C Model Setup 'P1_addPoint~reg0'
Slack : -0.391
TNS   : -1.243

Type  : Fast 1100mV 0C Model Hold 'CLOCK_50'
Slack : 0.083
TNS   : 0.000

Type  : Fast 1100mV 0C Model Hold 'clock_divider:msec|cntr[10]'
Slack : 0.213
TNS   : 0.000

Type  : Fast 1100mV 0C Model Hold 'P1_addPoint~reg0'
Slack : 0.290
TNS   : 0.000

Type  : Fast 1100mV 0C Model Hold 'P2_addPoint~reg0'
Slack : 0.387
TNS   : 0.000

Type  : Fast 1100mV 0C Model Minimum Pulse Width 'CLOCK_50'
Slack : -0.437
TNS   : -9.048

Type  : Fast 1100mV 0C Model Minimum Pulse Width 'clock_divider:msec|cntr[10]'
Slack : 0.036
TNS   : 0.000

Type  : Fast 1100mV 0C Model Minimum Pulse Width 'P2_addPoint~reg0'
Slack : 0.144
TNS   : 0.000

Type  : Fast 1100mV 0C Model Minimum Pulse Width 'P1_addPoint~reg0'
Slack : 0.162
TNS   : 0.000

------------------------------------------------------------
