------------------------------------------------------------
TimeQuest Timing Analyzer Summary
------------------------------------------------------------

Type  : Slow 1100mV 85C Model Setup 'clk'
Slack : -3.202
TNS   : -18.556

Type  : Slow 1100mV 85C Model Setup 'R'
Slack : -1.339
TNS   : -4.720

Type  : Slow 1100mV 85C Model Setup 'L'
Slack : -1.266
TNS   : -4.295

Type  : Slow 1100mV 85C Model Hold 'R'
Slack : 0.430
TNS   : 0.000

Type  : Slow 1100mV 85C Model Hold 'L'
Slack : 0.683
TNS   : 0.000

Type  : Slow 1100mV 85C Model Hold 'clk'
Slack : 0.883
TNS   : 0.000

Type  : Slow 1100mV 85C Model Recovery 'clk'
Slack : -3.588
TNS   : -20.167

Type  : Slow 1100mV 85C Model Removal 'clk'
Slack : 0.986
TNS   : 0.000

Type  : Slow 1100mV 85C Model Minimum Pulse Width 'clk'
Slack : -0.394
TNS   : -4.192

Type  : Slow 1100mV 85C Model Minimum Pulse Width 'L'
Slack : 0.401
TNS   : 0.000

Type  : Slow 1100mV 85C Model Minimum Pulse Width 'R'
Slack : 0.446
TNS   : 0.000

Type  : Slow 1100mV 0C Model Setup 'clk'
Slack : -2.837
TNS   : -16.444

Type  : Slow 1100mV 0C Model Setup 'R'
Slack : -1.365
TNS   : -4.764

Type  : Slow 1100mV 0C Model Setup 'L'
Slack : -1.213
TNS   : -4.214

Type  : Slow 1100mV 0C Model Hold 'R'
Slack : 0.335
TNS   : 0.000

Type  : Slow 1100mV 0C Model Hold 'clk'
Slack : 0.525
TNS   : 0.000

Type  : Slow 1100mV 0C Model Hold 'L'
Slack : 0.553
TNS   : 0.000

Type  : Slow 1100mV 0C Model Recovery 'clk'
Slack : -3.156
TNS   : -17.772

Type  : Slow 1100mV 0C Model Removal 'clk'
Slack : 0.601
TNS   : 0.000

Type  : Slow 1100mV 0C Model Minimum Pulse Width 'clk'
Slack : -0.394
TNS   : -4.582

Type  : Slow 1100mV 0C Model Minimum Pulse Width 'R'
Slack : 0.409
TNS   : 0.000

Type  : Slow 1100mV 0C Model Minimum Pulse Width 'L'
Slack : 0.417
TNS   : 0.000

Type  : Fast 1100mV 85C Model Setup 'clk'
Slack : -2.631
TNS   : -14.989

Type  : Fast 1100mV 85C Model Setup 'R'
Slack : -0.366
TNS   : -0.954

Type  : Fast 1100mV 85C Model Setup 'L'
Slack : -0.311
TNS   : -0.693

Type  : Fast 1100mV 85C Model Hold 'R'
Slack : 0.314
TNS   : 0.000

Type  : Fast 1100mV 85C Model Hold 'L'
Slack : 0.394
TNS   : 0.000

Type  : Fast 1100mV 85C Model Hold 'clk'
Slack : 0.878
TNS   : 0.000

Type  : Fast 1100mV 85C Model Recovery 'clk'
Slack : -2.957
TNS   : -16.219

Type  : Fast 1100mV 85C Model Removal 'clk'
Slack : 0.868
TNS   : 0.000

Type  : Fast 1100mV 85C Model Minimum Pulse Width 'clk'
Slack : -0.079
TNS   : -0.625

Type  : Fast 1100mV 85C Model Minimum Pulse Width 'L'
Slack : 0.446
TNS   : 0.000

Type  : Fast 1100mV 85C Model Minimum Pulse Width 'R'
Slack : 0.465
TNS   : 0.000

Type  : Fast 1100mV 0C Model Setup 'clk'
Slack : -2.025
TNS   : -11.547

Type  : Fast 1100mV 0C Model Setup 'R'
Slack : -0.245
TNS   : -0.552

Type  : Fast 1100mV 0C Model Setup 'L'
Slack : -0.185
TNS   : -0.345

Type  : Fast 1100mV 0C Model Hold 'R'
Slack : 0.260
TNS   : 0.000

Type  : Fast 1100mV 0C Model Hold 'L'
Slack : 0.363
TNS   : 0.000

Type  : Fast 1100mV 0C Model Hold 'clk'
Slack : 0.547
TNS   : 0.000

Type  : Fast 1100mV 0C Model Recovery 'clk'
Slack : -2.291
TNS   : -12.437

Type  : Fast 1100mV 0C Model Removal 'clk'
Slack : 0.524
TNS   : 0.000

Type  : Fast 1100mV 0C Model Minimum Pulse Width 'clk'
Slack : -0.079
TNS   : -0.620

Type  : Fast 1100mV 0C Model Minimum Pulse Width 'L'
Slack : 0.455
TNS   : 0.000

Type  : Fast 1100mV 0C Model Minimum Pulse Width 'R'
Slack : 0.474
TNS   : 0.000

------------------------------------------------------------
