------------------------------------------------------------
TimeQuest Timing Analyzer Summary
------------------------------------------------------------

Type  : Slow 1100mV 85C Model Setup 'CLOCK_50'
Slack : -5.588
TNS   : -116.830

Type  : Slow 1100mV 85C Model Setup 'clock_divider:msec_clock|cntr[10]'
Slack : -2.947
TNS   : -59.727

Type  : Slow 1100mV 85C Model Hold 'CLOCK_50'
Slack : 0.384
TNS   : 0.000

Type  : Slow 1100mV 85C Model Hold 'clock_divider:msec_clock|cntr[10]'
Slack : 0.487
TNS   : 0.000

Type  : Slow 1100mV 85C Model Minimum Pulse Width 'clock_divider:msec_clock|cntr[10]'
Slack : -0.394
TNS   : -12.237

Type  : Slow 1100mV 85C Model Minimum Pulse Width 'CLOCK_50'
Slack : -0.394
TNS   : -10.910

Type  : Slow 1100mV 0C Model Setup 'CLOCK_50'
Slack : -5.278
TNS   : -110.672

Type  : Slow 1100mV 0C Model Setup 'clock_divider:msec_clock|cntr[10]'
Slack : -2.892
TNS   : -58.494

Type  : Slow 1100mV 0C Model Hold 'CLOCK_50'
Slack : 0.096
TNS   : 0.000

Type  : Slow 1100mV 0C Model Hold 'clock_divider:msec_clock|cntr[10]'
Slack : 0.479
TNS   : 0.000

Type  : Slow 1100mV 0C Model Minimum Pulse Width 'CLOCK_50'
Slack : -0.394
TNS   : -11.826

Type  : Slow 1100mV 0C Model Minimum Pulse Width 'clock_divider:msec_clock|cntr[10]'
Slack : -0.394
TNS   : -11.372

Type  : Fast 1100mV 85C Model Setup 'CLOCK_50'
Slack : -3.125
TNS   : -65.216

Type  : Fast 1100mV 85C Model Setup 'clock_divider:msec_clock|cntr[10]'
Slack : -1.206
TNS   : -24.040

Type  : Fast 1100mV 85C Model Hold 'CLOCK_50'
Slack : 0.206
TNS   : 0.000

Type  : Fast 1100mV 85C Model Hold 'clock_divider:msec_clock|cntr[10]'
Slack : 0.225
TNS   : 0.000

Type  : Fast 1100mV 85C Model Minimum Pulse Width 'CLOCK_50'
Slack : -0.088
TNS   : -1.829

Type  : Fast 1100mV 85C Model Minimum Pulse Width 'clock_divider:msec_clock|cntr[10]'
Slack : 0.131
TNS   : 0.000

Type  : Fast 1100mV 0C Model Setup 'CLOCK_50'
Slack : -2.642
TNS   : -55.323

Type  : Fast 1100mV 0C Model Setup 'clock_divider:msec_clock|cntr[10]'
Slack : -1.061
TNS   : -21.123

Type  : Fast 1100mV 0C Model Hold 'clock_divider:msec_clock|cntr[10]'
Slack : 0.191
TNS   : 0.000

Type  : Fast 1100mV 0C Model Hold 'CLOCK_50'
Slack : 0.193
TNS   : 0.000

Type  : Fast 1100mV 0C Model Minimum Pulse Width 'CLOCK_50'
Slack : -0.087
TNS   : -1.798

Type  : Fast 1100mV 0C Model Minimum Pulse Width 'clock_divider:msec_clock|cntr[10]'
Slack : 0.141
TNS   : 0.000

------------------------------------------------------------
