------------------------------------------------------------
TimeQuest Timing Analyzer Summary
------------------------------------------------------------

Type  : Slow 1100mV 85C Model Setup 'clk'
Slack : -1.435
TNS   : -4.644

Type  : Slow 1100mV 85C Model Hold 'clk'
Slack : 0.300
TNS   : 0.000

Type  : Slow 1100mV 85C Model Minimum Pulse Width 'clk'
Slack : -0.394
TNS   : -13.085

Type  : Slow 1100mV 0C Model Setup 'clk'
Slack : -1.456
TNS   : -4.586

Type  : Slow 1100mV 0C Model Hold 'clk'
Slack : 0.281
TNS   : 0.000

Type  : Slow 1100mV 0C Model Minimum Pulse Width 'clk'
Slack : -0.394
TNS   : -14.211

Type  : Fast 1100mV 85C Model Setup 'clk'
Slack : -0.384
TNS   : -0.389

Type  : Fast 1100mV 85C Model Hold 'clk'
Slack : 0.171
TNS   : 0.000

Type  : Fast 1100mV 85C Model Minimum Pulse Width 'clk'
Slack : -0.080
TNS   : -1.930

Type  : Fast 1100mV 0C Model Setup 'clk'
Slack : -0.289
TNS   : -0.289

Type  : Fast 1100mV 0C Model Hold 'clk'
Slack : 0.156
TNS   : 0.000

Type  : Fast 1100mV 0C Model Minimum Pulse Width 'clk'
Slack : -0.079
TNS   : -1.949

------------------------------------------------------------
