------------------------------------------------------------
TimeQuest Timing Analyzer Summary
------------------------------------------------------------

Type  : Slow 1100mV 85C Model Setup 'Clock'
Slack : -2.897
TNS   : -60.391

Type  : Slow 1100mV 85C Model Hold 'Clock'
Slack : 0.376
TNS   : 0.000

Type  : Slow 1100mV 85C Model Minimum Pulse Width 'Clock'
Slack : -0.394
TNS   : -11.025

Type  : Slow 1100mV 0C Model Setup 'Clock'
Slack : -2.843
TNS   : -59.147

Type  : Slow 1100mV 0C Model Hold 'Clock'
Slack : 0.378
TNS   : 0.000

Type  : Slow 1100mV 0C Model Minimum Pulse Width 'Clock'
Slack : -0.394
TNS   : -11.998

Type  : Fast 1100mV 85C Model Setup 'Clock'
Slack : -1.217
TNS   : -25.239

Type  : Fast 1100mV 85C Model Hold 'Clock'
Slack : 0.200
TNS   : 0.000

Type  : Fast 1100mV 85C Model Minimum Pulse Width 'Clock'
Slack : -0.078
TNS   : -1.618

Type  : Fast 1100mV 0C Model Setup 'Clock'
Slack : -1.039
TNS   : -21.534

Type  : Fast 1100mV 0C Model Hold 'Clock'
Slack : 0.189
TNS   : 0.000

Type  : Fast 1100mV 0C Model Minimum Pulse Width 'Clock'
Slack : -0.078
TNS   : -1.618

------------------------------------------------------------
