------------------------------------------------------------
TimeQuest Timing Analyzer Summary
------------------------------------------------------------

Type  : Slow 1100mV 85C Model Setup 'CLOCK_50'
Slack : -4.680
TNS   : -387.630

Type  : Slow 1100mV 85C Model Hold 'CLOCK_50'
Slack : 0.366
TNS   : 0.000

Type  : Slow 1100mV 85C Model Minimum Pulse Width 'CLOCK_50'
Slack : -2.174
TNS   : -107.993

Type  : Slow 1100mV 0C Model Setup 'CLOCK_50'
Slack : -4.623
TNS   : -384.889

Type  : Slow 1100mV 0C Model Hold 'CLOCK_50'
Slack : 0.352
TNS   : 0.000

Type  : Slow 1100mV 0C Model Minimum Pulse Width 'CLOCK_50'
Slack : -2.174
TNS   : -112.552

Type  : Fast 1100mV 85C Model Setup 'CLOCK_50'
Slack : -2.388
TNS   : -176.473

Type  : Fast 1100mV 85C Model Hold 'CLOCK_50'
Slack : 0.182
TNS   : 0.000

Type  : Fast 1100mV 85C Model Minimum Pulse Width 'CLOCK_50'
Slack : -2.174
TNS   : -59.075

Type  : Fast 1100mV 0C Model Setup 'CLOCK_50'
Slack : -2.148
TNS   : -157.143

Type  : Fast 1100mV 0C Model Hold 'CLOCK_50'
Slack : 0.172
TNS   : 0.000

Type  : Fast 1100mV 0C Model Minimum Pulse Width 'CLOCK_50'
Slack : -2.174
TNS   : -59.126

------------------------------------------------------------
