------------------------------------------------------------
TimeQuest Timing Analyzer Summary
------------------------------------------------------------

Type  : Slow 1100mV 85C Model Setup 'clk'
Slack : -1.889
TNS   : -50.895

Type  : Slow 1100mV 85C Model Hold 'clk'
Slack : 0.374
TNS   : 0.000

Type  : Slow 1100mV 85C Model Minimum Pulse Width 'clk'
Slack : -0.394
TNS   : -14.743

Type  : Slow 1100mV 0C Model Setup 'clk'
Slack : -1.870
TNS   : -49.960

Type  : Slow 1100mV 0C Model Hold 'clk'
Slack : 0.373
TNS   : 0.000

Type  : Slow 1100mV 0C Model Minimum Pulse Width 'clk'
Slack : -0.394
TNS   : -16.173

Type  : Fast 1100mV 85C Model Setup 'clk'
Slack : -0.593
TNS   : -15.130

Type  : Fast 1100mV 85C Model Hold 'clk'
Slack : 0.183
TNS   : 0.000

Type  : Fast 1100mV 85C Model Minimum Pulse Width 'clk'
Slack : -0.080
TNS   : -2.188

Type  : Fast 1100mV 0C Model Setup 'clk'
Slack : -0.486
TNS   : -12.062

Type  : Fast 1100mV 0C Model Hold 'clk'
Slack : 0.175
TNS   : 0.000

Type  : Fast 1100mV 0C Model Minimum Pulse Width 'clk'
Slack : -0.080
TNS   : -2.215

------------------------------------------------------------
